E:/Projeler/TouchGFX/Adc/Middlewares/Third_Party/LibJPEG/source/jcapimin.c:31:1:jpeg_CreateCompress	16	static
E:/Projeler/TouchGFX/Adc/Middlewares/Third_Party/LibJPEG/source/jcapimin.c:96:1:jpeg_destroy_compress	0	static
E:/Projeler/TouchGFX/Adc/Middlewares/Third_Party/LibJPEG/source/jcapimin.c:108:1:jpeg_abort_compress	0	static
E:/Projeler/TouchGFX/Adc/Middlewares/Third_Party/LibJPEG/source/jcapimin.c:127:1:jpeg_suppress_tables	0	static
E:/Projeler/TouchGFX/Adc/Middlewares/Third_Party/LibJPEG/source/jcapimin.c:155:1:jpeg_finish_compress	16	static
E:/Projeler/TouchGFX/Adc/Middlewares/Third_Party/LibJPEG/source/jcapimin.c:200:1:jpeg_write_marker	32	static
E:/Projeler/TouchGFX/Adc/Middlewares/Third_Party/LibJPEG/source/jcapimin.c:222:1:jpeg_write_m_header	24	static
E:/Projeler/TouchGFX/Adc/Middlewares/Third_Party/LibJPEG/source/jcapimin.c:234:1:jpeg_write_m_byte	0	static
E:/Projeler/TouchGFX/Adc/Middlewares/Third_Party/LibJPEG/source/jcapimin.c:262:1:jpeg_write_tables	8	static
