../../TouchGFX/target/generated/HardwareMJPEGDecoder.hpp:62:22:virtual uint32_t HardwareMJPEGDecoder::getCurrentFrameNumber() const	0	static
../../TouchGFX/target/generated/HardwareMJPEGDecoder.hpp:69:23:virtual MJPEGDecoder::AVIErrors HardwareMJPEGDecoder::getLastError()	0	static
E:/Projeler/TouchGFX/Adc/TouchGFX/target/generated/HardwareMJPEGDecoder.cpp:289:6:virtual bool HardwareMJPEGDecoder::hasVideo()	0	static
E:/Projeler/TouchGFX/Adc/TouchGFX/target/generated/HardwareMJPEGDecoder.cpp:487:10:virtual uint32_t HardwareMJPEGDecoder::getNumberOfFrames()	0	static
E:/Projeler/TouchGFX/Adc/TouchGFX/target/generated/HardwareMJPEGDecoder.cpp:492:6:virtual void HardwareMJPEGDecoder::setRepeatVideo(bool)	0	static
E:/Projeler/TouchGFX/Adc/TouchGFX/target/generated/HardwareMJPEGDecoder.cpp:497:6:virtual void HardwareMJPEGDecoder::getVideoInfo(touchgfx::VideoInformation*)	0	static
../../TouchGFX/target/generated/HardwareMJPEGDecoder.hpp:45:7:HardwareMJPEGDecoder::~HardwareMJPEGDecoder()	0	static
E:/Projeler/TouchGFX/Adc/TouchGFX/target/generated/HardwareMJPEGDecoder.cpp:461:6:virtual bool HardwareMJPEGDecoder::decodeThumbnail(uint32_t, uint8_t*, uint16_t, uint16_t)	8	static
../../TouchGFX/target/generated/HardwareMJPEGDecoder.hpp:45:7:virtual HardwareMJPEGDecoder::~HardwareMJPEGDecoder()	8	static
E:/Projeler/TouchGFX/Adc/TouchGFX/target/generated/HardwareMJPEGDecoder.cpp:396:6:void HardwareMJPEGDecoder::decodeMJPEGFrame(const uint8_t*, uint32_t, uint8_t*, uint16_t, uint16_t, uint32_t)	56	static
E:/Projeler/TouchGFX/Adc/TouchGFX/target/generated/HardwareMJPEGDecoder.cpp:467:6:virtual void HardwareMJPEGDecoder::gotoFrame(uint32_t)	24	static
E:/Projeler/TouchGFX/Adc/TouchGFX/target/generated/HardwareMJPEGDecoder.cpp:436:6:virtual bool HardwareMJPEGDecoder::decodeFrame(const touchgfx::Rect&, uint8_t*, uint32_t)	48	static
E:/Projeler/TouchGFX/Adc/TouchGFX/target/generated/HardwareMJPEGDecoder.cpp:234:6:virtual bool HardwareMJPEGDecoder::gotoNextFrame()	32	static
E:/Projeler/TouchGFX/Adc/TouchGFX/target/generated/HardwareMJPEGDecoder.cpp:182:6:virtual bool HardwareMJPEGDecoder::decodeNextFrame(uint8_t*, uint16_t, uint16_t, uint32_t)	24	static
E:/Projeler/TouchGFX/Adc/TouchGFX/target/generated/HardwareMJPEGDecoder.cpp:97:1:HardwareMJPEGDecoder::HardwareMJPEGDecoder()	16	static
E:/Projeler/TouchGFX/Adc/TouchGFX/target/generated/HardwareMJPEGDecoder.cpp:114:5:int HardwareMJPEGDecoder::compare(uint32_t, const char*, uint32_t)	0	static
E:/Projeler/TouchGFX/Adc/TouchGFX/target/generated/HardwareMJPEGDecoder.cpp:159:16:const uint8_t* HardwareMJPEGDecoder::readData(uint32_t, uint32_t)	16	static
E:/Projeler/TouchGFX/Adc/TouchGFX/target/generated/HardwareMJPEGDecoder.cpp:294:6:void HardwareMJPEGDecoder::readVideoHeader()	48	static
E:/Projeler/TouchGFX/Adc/TouchGFX/target/generated/HardwareMJPEGDecoder.cpp:271:6:virtual void HardwareMJPEGDecoder::setVideoData(const uint8_t*, uint32_t)	4	static
E:/Projeler/TouchGFX/Adc/TouchGFX/target/generated/HardwareMJPEGDecoder.cpp:280:6:virtual void HardwareMJPEGDecoder::setVideoData(touchgfx::VideoDataReader&)	8	static
E:/Projeler/TouchGFX/Adc/TouchGFX/target/generated/HardwareMJPEGDecoder.cpp:396:6:void HardwareMJPEGDecoder::decodeMJPEGFrame(const uint8_t*, uint32_t, uint8_t*, uint16_t, uint16_t, uint32_t)	4	static
E:/Projeler/TouchGFX/Adc/TouchGFX/target/generated/HardwareMJPEGDecoder.cpp:514:10:uint32_t JPEG_Decode_DMA(JPEG_HandleTypeDef*, uint8_t*, uint32_t, uint8_t*)	24	static
E:/Projeler/TouchGFX/Adc/TouchGFX/target/generated/HardwareMJPEGDecoder.cpp:545:6:void HAL_JPEG_InfoReadyCallback(JPEG_HandleTypeDef*, JPEG_ConfTypeDef*)	8	static
E:/Projeler/TouchGFX/Adc/TouchGFX/target/generated/HardwareMJPEGDecoder.cpp:595:6:void HAL_JPEG_GetDataCallback(JPEG_HandleTypeDef*, uint32_t)	4	static
E:/Projeler/TouchGFX/Adc/TouchGFX/target/generated/HardwareMJPEGDecoder.cpp:614:6:void HAL_JPEG_DataReadyCallback(JPEG_HandleTypeDef*, uint8_t*, uint32_t)	16	static
E:/Projeler/TouchGFX/Adc/TouchGFX/target/generated/HardwareMJPEGDecoder.cpp:642:6:void HAL_JPEG_ErrorCallback(JPEG_HandleTypeDef*)	0	static,ignoring_inline_asm
E:/Projeler/TouchGFX/Adc/TouchGFX/target/generated/HardwareMJPEGDecoder.cpp:655:6:void HAL_JPEG_DecodeCpltCallback(JPEG_HandleTypeDef*)	0	static
E:/Projeler/TouchGFX/Adc/TouchGFX/target/generated/HardwareMJPEGDecoder.cpp:667:10:uint32_t JPEG_OutputHandler(JPEG_HandleTypeDef*, touchgfx::DMA_Interface&)	40	static
E:/Projeler/TouchGFX/Adc/TouchGFX/target/generated/HardwareMJPEGDecoder.cpp:720:6:void DMA2D_CopyBuffer(External_DMA2D_JobTypeDef&)	20	static
E:/Projeler/TouchGFX/Adc/TouchGFX/target/generated/HardwareMJPEGDecoder.cpp:766:6:void DMA2D_ExternalJobCompleted(External_DMA2D_JobTypeDef&)	0	static
E:/Projeler/TouchGFX/Adc/TouchGFX/target/generated/HardwareMJPEGDecoder.cpp:786:1:cpp)	0	static
