../../Middlewares/ST/touchgfx/framework/include/touchgfx/hal/DMA.hpp:138:18:virtual void touchgfx::DMA_Interface::flush()	0	static
../../TouchGFX/target/generated/STM32DMA.hpp:161:31:virtual touchgfx::DMAType STM32DMA::getDMAType()	0	static
E:/Projeler/TouchGFX/Adc/TouchGFX/target/generated/STM32DMA.cpp:55:1:STM32DMA::~STM32DMA()	0	static,ignoring_inline_asm
E:/Projeler/TouchGFX/Adc/TouchGFX/target/generated/STM32DMA.cpp:61:6:virtual void STM32DMA::initialize()	8	static,ignoring_inline_asm
E:/Projeler/TouchGFX/Adc/TouchGFX/target/generated/STM32DMA.cpp:143:16:virtual touchgfx::BlitOperations STM32DMA::getBlitCaps()	0	static
E:/Projeler/TouchGFX/Adc/TouchGFX/target/generated/STM32DMA.cpp:55:1:virtual STM32DMA::~STM32DMA()	8	static,ignoring_inline_asm
../../TouchGFX/target/generated/STM32DMA.hpp:216:18:virtual void STM32DMA::start()	8	static
../../TouchGFX/target/generated/STM32DMA.hpp:197:18:virtual void STM32DMA::signalDMAInterrupt()	16	static
E:/Projeler/TouchGFX/Adc/TouchGFX/target/generated/STM32DMA.cpp:335:6:virtual void STM32DMA::setupDataFill(const touchgfx::BlitOp&)	16	static
E:/Projeler/TouchGFX/Adc/TouchGFX/target/generated/STM32DMA.cpp:166:6:virtual void STM32DMA::setupDataCopy(const touchgfx::BlitOp&)	24	static
E:/Projeler/TouchGFX/Adc/TouchGFX/target/generated/STM32DMA.cpp:42:17:void DMA2D_XferCpltCallback(DMA2D_HandleTypeDef*)	16	static
E:/Projeler/TouchGFX/Adc/TouchGFX/target/generated/STM32DMA.cpp:49:1:STM32DMA::STM32DMA()	16	static
E:/Projeler/TouchGFX/Adc/TouchGFX/target/generated/STM32DMA.cpp:403:6:void touchgfx::paint::setL8Pallette(const uint8_t*)	0	static
E:/Projeler/TouchGFX/Adc/TouchGFX/target/generated/STM32DMA.cpp:414:6:void touchgfx::paint::tearDown()	0	static
E:/Projeler/TouchGFX/Adc/TouchGFX/target/generated/STM32DMA.cpp:431:6:void touchgfx::paint::rgb565::lineFromColor(uint16_t*, unsigned int, uint32_t, uint8_t, uint32_t)	8	static
E:/Projeler/TouchGFX/Adc/TouchGFX/target/generated/STM32DMA.cpp:481:6:void touchgfx::paint::rgb565::lineFromRGB565(uint16_t*, const uint16_t*, unsigned int, uint8_t)	8	static
E:/Projeler/TouchGFX/Adc/TouchGFX/target/generated/STM32DMA.cpp:525:6:void touchgfx::paint::rgb565::lineFromARGB8888(uint16_t*, const uint32_t*, unsigned int, uint8_t)	12	static
E:/Projeler/TouchGFX/Adc/TouchGFX/target/generated/STM32DMA.cpp:558:6:void touchgfx::paint::rgb565::lineFromL8RGB888(uint16_t*, const uint8_t*, unsigned int, uint8_t)	12	static
E:/Projeler/TouchGFX/Adc/TouchGFX/target/generated/STM32DMA.cpp:623:6:void touchgfx::paint::rgb565::lineFromL8ARGB8888(uint16_t*, const uint8_t*, unsigned int, uint8_t)	12	static
