E:/Projeler/TouchGFX/Adc/Core/Src/stm32h7xx_hal_msp.c:67:6:HAL_MspInit	16	static
E:/Projeler/TouchGFX/Adc/Core/Src/stm32h7xx_hal_msp.c:90:6:HAL_ADC_MspInit	232	static
E:/Projeler/TouchGFX/Adc/Core/Src/stm32h7xx_hal_msp.c:142:6:HAL_ADC_MspDeInit	0	static
E:/Projeler/TouchGFX/Adc/Core/Src/stm32h7xx_hal_msp.c:170:6:HAL_CRC_MspInit	8	static
E:/Projeler/TouchGFX/Adc/Core/Src/stm32h7xx_hal_msp.c:192:6:HAL_CRC_MspDeInit	0	static
E:/Projeler/TouchGFX/Adc/Core/Src/stm32h7xx_hal_msp.c:214:6:HAL_DMA2D_MspInit	16	static
E:/Projeler/TouchGFX/Adc/Core/Src/stm32h7xx_hal_msp.c:239:6:HAL_DMA2D_MspDeInit	0	static
E:/Projeler/TouchGFX/Adc/Core/Src/stm32h7xx_hal_msp.c:264:6:HAL_JPEG_MspInit	24	static
E:/Projeler/TouchGFX/Adc/Core/Src/stm32h7xx_hal_msp.c:348:6:HAL_JPEG_MspDeInit	8	static
E:/Projeler/TouchGFX/Adc/Core/Src/stm32h7xx_hal_msp.c:377:6:HAL_LTDC_MspInit	256	static
E:/Projeler/TouchGFX/Adc/Core/Src/stm32h7xx_hal_msp.c:489:6:HAL_LTDC_MspDeInit	8	static
E:/Projeler/TouchGFX/Adc/Core/Src/stm32h7xx_hal_msp.c:557:6:HAL_QSPI_MspInit	264	static
E:/Projeler/TouchGFX/Adc/Core/Src/stm32h7xx_hal_msp.c:650:6:HAL_QSPI_MspDeInit	8	static
E:/Projeler/TouchGFX/Adc/Core/Src/stm32h7xx_hal_msp.c:798:6:HAL_SDRAM_MspInit	240	static
E:/Projeler/TouchGFX/Adc/Core/Src/stm32h7xx_hal_msp.c:882:6:HAL_SDRAM_MspDeInit	8	static
